mode: set
github.com/eilidhmae/smaug/internal/magic/magic.go:52.43,54.2 1 1
github.com/eilidhmae/smaug/internal/magic/magic.go:57.55,59.30 2 1
github.com/eilidhmae/smaug/internal/magic/magic.go:59.30,61.37 1 1
github.com/eilidhmae/smaug/internal/magic/magic.go:61.37,63.4 1 1
github.com/eilidhmae/smaug/internal/magic/magic.go:66.2,66.30 1 1
github.com/eilidhmae/smaug/internal/magic/magic.go:66.30,68.54 1 1
github.com/eilidhmae/smaug/internal/magic/magic.go:68.54,70.4 1 1
github.com/eilidhmae/smaug/internal/magic/magic.go:72.2,72.11 1 1
github.com/eilidhmae/smaug/internal/magic/magic.go:77.62,81.2 3 1
github.com/eilidhmae/smaug/internal/magic/magic.go:84.63,88.2 3 1
github.com/eilidhmae/smaug/internal/magic/magic.go:93.100,97.2 3 1
github.com/eilidhmae/smaug/internal/magic/magic.go:100.102,104.2 3 1
github.com/eilidhmae/smaug/internal/magic/magic.go:107.103,111.2 3 1
github.com/eilidhmae/smaug/internal/magic/magic.go:116.103,119.13 3 1
github.com/eilidhmae/smaug/internal/magic/magic.go:119.13,121.3 1 0
github.com/eilidhmae/smaug/internal/magic/magic.go:122.2,122.54 1 1
github.com/eilidhmae/smaug/internal/magic/magic.go:126.99,129.36 3 1
github.com/eilidhmae/smaug/internal/magic/magic.go:129.36,131.3 1 1
github.com/eilidhmae/smaug/internal/magic/magic.go:132.2,132.54 1 1
github.com/eilidhmae/smaug/internal/magic/magic.go:138.96,139.48 1 1
github.com/eilidhmae/smaug/internal/magic/magic.go:139.48,142.3 2 1
github.com/eilidhmae/smaug/internal/magic/magic.go:143.2,149.53 2 1
github.com/eilidhmae/smaug/internal/magic/magic.go:153.96,161.2 2 1
github.com/eilidhmae/smaug/internal/magic/magic.go:164.100,165.50 1 1
github.com/eilidhmae/smaug/internal/magic/magic.go:165.50,168.3 2 1
github.com/eilidhmae/smaug/internal/magic/magic.go:169.2,176.56 4 1
github.com/eilidhmae/smaug/internal/magic/magic.go:182.96,183.46 1 1
github.com/eilidhmae/smaug/internal/magic/magic.go:183.46,186.3 2 1
github.com/eilidhmae/smaug/internal/magic/magic.go:187.2,187.36 1 1
github.com/eilidhmae/smaug/internal/magic/magic.go:187.36,190.3 2 1
github.com/eilidhmae/smaug/internal/magic/magic.go:191.2,199.38 4 1
github.com/eilidhmae/smaug/internal/magic/magic.go:203.97,204.47 1 1
github.com/eilidhmae/smaug/internal/magic/magic.go:204.47,207.3 2 1
github.com/eilidhmae/smaug/internal/magic/magic.go:208.2,208.37 1 1
github.com/eilidhmae/smaug/internal/magic/magic.go:208.37,211.3 2 1
github.com/eilidhmae/smaug/internal/magic/magic.go:212.2,220.40 4 1
github.com/eilidhmae/smaug/internal/magic/magic.go:224.100,225.46 1 1
github.com/eilidhmae/smaug/internal/magic/magic.go:225.46,228.3 2 1
github.com/eilidhmae/smaug/internal/magic/magic.go:229.2,229.36 1 1
github.com/eilidhmae/smaug/internal/magic/magic.go:229.36,232.3 2 1
github.com/eilidhmae/smaug/internal/magic/magic.go:233.2,241.37 4 1
github.com/eilidhmae/smaug/internal/magic/magic.go:245.102,246.52 1 1
github.com/eilidhmae/smaug/internal/magic/magic.go:246.52,249.3 2 1
github.com/eilidhmae/smaug/internal/magic/magic.go:250.2,250.30 1 1
github.com/eilidhmae/smaug/internal/magic/magic.go:250.30,252.3 1 1
github.com/eilidhmae/smaug/internal/magic/magic.go:253.2,254.18 2 1
github.com/eilidhmae/smaug/internal/magic/magic.go:254.18,256.3 1 1
github.com/eilidhmae/smaug/internal/magic/magic.go:262.96,263.46 1 1
github.com/eilidhmae/smaug/internal/magic/magic.go:263.46,266.3 2 1
github.com/eilidhmae/smaug/internal/magic/magic.go:267.2,267.36 1 1
github.com/eilidhmae/smaug/internal/magic/magic.go:267.36,270.3 2 1
github.com/eilidhmae/smaug/internal/magic/magic.go:271.2,279.42 4 1
github.com/eilidhmae/smaug/internal/magic/magic.go:279.42,282.3 2 1
github.com/eilidhmae/smaug/internal/magic/magic.go:286.102,287.18 1 1
github.com/eilidhmae/smaug/internal/magic/magic.go:287.18,290.3 2 1
github.com/eilidhmae/smaug/internal/magic/magic.go:291.2,291.46 1 1
github.com/eilidhmae/smaug/internal/magic/magic.go:291.46,294.3 2 1
github.com/eilidhmae/smaug/internal/magic/magic.go:295.2,295.21 1 1
github.com/eilidhmae/smaug/internal/magic/magic.go:295.21,298.3 2 1
github.com/eilidhmae/smaug/internal/magic/magic.go:299.2,299.36 1 1
github.com/eilidhmae/smaug/internal/magic/magic.go:299.36,302.3 2 1
github.com/eilidhmae/smaug/internal/magic/magic.go:303.2,313.71 6 1
github.com/eilidhmae/smaug/internal/magic/magic.go:317.101,318.52 1 1
github.com/eilidhmae/smaug/internal/magic/magic.go:318.52,321.3 2 1
github.com/eilidhmae/smaug/internal/magic/magic.go:322.2,329.38 4 1
github.com/eilidhmae/smaug/internal/magic/magic.go:333.102,334.53 1 1
github.com/eilidhmae/smaug/internal/magic/magic.go:334.53,337.3 2 1
github.com/eilidhmae/smaug/internal/magic/magic.go:338.2,345.38 4 1
github.com/eilidhmae/smaug/internal/magic/magic.go:349.102,350.53 1 1
github.com/eilidhmae/smaug/internal/magic/magic.go:350.53,353.3 2 1
github.com/eilidhmae/smaug/internal/magic/magic.go:354.2,361.38 4 1
github.com/eilidhmae/smaug/internal/magic/magic.go:365.103,366.54 1 1
github.com/eilidhmae/smaug/internal/magic/magic.go:366.54,369.3 2 1
github.com/eilidhmae/smaug/internal/magic/magic.go:370.2,377.45 4 1
github.com/eilidhmae/smaug/internal/magic/magic.go:381.97,389.2 2 1
github.com/eilidhmae/smaug/internal/magic/magic.go:392.99,394.27 1 1
github.com/eilidhmae/smaug/internal/magic/magic.go:394.27,397.3 2 1
github.com/eilidhmae/smaug/internal/magic/magic.go:399.2,400.32 2 1
github.com/eilidhmae/smaug/internal/magic/magic.go:400.32,401.35 1 1
github.com/eilidhmae/smaug/internal/magic/magic.go:401.35,403.9 2 1
github.com/eilidhmae/smaug/internal/magic/magic.go:406.2,406.16 1 1
github.com/eilidhmae/smaug/internal/magic/magic.go:406.16,409.3 2 1
github.com/eilidhmae/smaug/internal/magic/magic.go:411.2,418.26 4 1
github.com/eilidhmae/smaug/internal/magic/magic.go:418.26,419.35 1 1
github.com/eilidhmae/smaug/internal/magic/magic.go:419.35,421.4 1 1
github.com/eilidhmae/smaug/internal/magic/magic.go:428.103,429.15 1 1
github.com/eilidhmae/smaug/internal/magic/magic.go:429.15,431.3 1 1
github.com/eilidhmae/smaug/internal/magic/magic.go:433.2,434.32 2 1
github.com/eilidhmae/smaug/internal/magic/magic.go:434.32,435.48 1 1
github.com/eilidhmae/smaug/internal/magic/magic.go:435.48,436.12 1 1
github.com/eilidhmae/smaug/internal/magic/magic.go:438.3,439.27 2 1
github.com/eilidhmae/smaug/internal/magic/magic.go:439.27,441.4 1 1
github.com/eilidhmae/smaug/internal/magic/magic.go:441.9,441.31 1 1
github.com/eilidhmae/smaug/internal/magic/magic.go:441.31,443.4 1 1
github.com/eilidhmae/smaug/internal/magic/magic.go:444.3,446.12 3 1
github.com/eilidhmae/smaug/internal/magic/magic.go:446.12,447.9 1 1
github.com/eilidhmae/smaug/internal/magic/magic.go:450.2,450.12 1 1
github.com/eilidhmae/smaug/internal/magic/magic.go:450.12,452.3 1 1
github.com/eilidhmae/smaug/internal/magic/magic.go:456.101,471.2 5 1
github.com/eilidhmae/smaug/internal/magic/magic.go:474.102,476.34 1 1
github.com/eilidhmae/smaug/internal/magic/magic.go:476.34,477.77 1 1
github.com/eilidhmae/smaug/internal/magic/magic.go:477.77,479.17 2 1
github.com/eilidhmae/smaug/internal/magic/magic.go:479.17,483.5 3 1
github.com/eilidhmae/smaug/internal/magic/magic.go:483.10,485.5 1 1
github.com/eilidhmae/smaug/internal/magic/magic.go:486.4,486.10 1 1
github.com/eilidhmae/smaug/internal/magic/magic.go:489.2,489.44 1 1
github.com/eilidhmae/smaug/internal/magic/magic.go:493.97,494.35 1 1
github.com/eilidhmae/smaug/internal/magic/magic.go:494.35,497.3 2 1
github.com/eilidhmae/smaug/internal/magic/magic.go:498.2,498.46 1 1
github.com/eilidhmae/smaug/internal/magic/magic.go:498.46,500.3 1 1
github.com/eilidhmae/smaug/internal/magic/magic.go:501.2,501.28 1 1
github.com/eilidhmae/smaug/internal/magic/magic.go:501.28,504.3 2 1
github.com/eilidhmae/smaug/internal/magic/magic.go:506.2,509.45 4 1
github.com/eilidhmae/smaug/internal/magic/magic.go:513.99,516.28 2 1
github.com/eilidhmae/smaug/internal/magic/magic.go:516.28,517.87 1 1
github.com/eilidhmae/smaug/internal/magic/magic.go:517.87,518.12 1 1
github.com/eilidhmae/smaug/internal/magic/magic.go:520.3,520.30 1 1
github.com/eilidhmae/smaug/internal/magic/magic.go:520.30,522.9 2 1
github.com/eilidhmae/smaug/internal/magic/magic.go:525.2,525.17 1 1
github.com/eilidhmae/smaug/internal/magic/magic.go:525.17,528.3 2 1
github.com/eilidhmae/smaug/internal/magic/magic.go:530.2,530.22 1 1
github.com/eilidhmae/smaug/internal/magic/magic.go:530.22,532.3 1 1
github.com/eilidhmae/smaug/internal/magic/magic.go:533.2,534.36 2 1
github.com/eilidhmae/smaug/internal/magic/magic.go:538.104,540.18 2 1
github.com/eilidhmae/smaug/internal/magic/magic.go:540.18,543.3 2 1
github.com/eilidhmae/smaug/internal/magic/magic.go:544.2,544.46 1 1
github.com/eilidhmae/smaug/internal/magic/magic.go:544.46,547.3 2 1
github.com/eilidhmae/smaug/internal/magic/magic.go:549.2,563.71 5 1
github.com/eilidhmae/smaug/internal/magic/magic.go:567.103,570.34 2 1
github.com/eilidhmae/smaug/internal/magic/magic.go:570.34,571.73 1 1
github.com/eilidhmae/smaug/internal/magic/magic.go:571.73,573.9 2 1
github.com/eilidhmae/smaug/internal/magic/magic.go:576.2,576.18 1 1
github.com/eilidhmae/smaug/internal/magic/magic.go:576.18,579.3 2 1
github.com/eilidhmae/smaug/internal/magic/magic.go:580.2,580.46 1 1
github.com/eilidhmae/smaug/internal/magic/magic.go:580.46,583.3 2 1
github.com/eilidhmae/smaug/internal/magic/magic.go:585.2,593.85 4 1
github.com/eilidhmae/smaug/internal/magic/magic.go:597.96,598.50 1 1
github.com/eilidhmae/smaug/internal/magic/magic.go:598.50,601.3 2 1
github.com/eilidhmae/smaug/internal/magic/magic.go:602.2,609.47 4 1
github.com/eilidhmae/smaug/internal/magic/magic.go:613.94,614.47 1 1
github.com/eilidhmae/smaug/internal/magic/magic.go:614.47,617.3 2 1
github.com/eilidhmae/smaug/internal/magic/magic.go:618.2,625.51 4 1
github.com/eilidhmae/smaug/internal/magic/magic.go:629.95,633.2 3 1
